
[1m[46m RUN [49m[22m [36mv4.0.18 [39m[90mC:/Users/saura/phonebook-app/frontend[39m

 [31mΓ¥»[39m src/__tests__/ContactList.spec.js [2m([22m[2m3 tests[22m[2m | [22m[31m1 failed[39m[2m)[22m[32m 48[2mms[22m[39m
     [32mΓ£ô[39m renders "No contacts found" when list is empty[32m 28[2mms[22m[39m
     [32mΓ£ô[39m renders contacts table when data is present[32m 9[2mms[22m[39m
[31m     [31m├ù[31m calls fetchAll on mount[39m[32m 9[2mms[22m[39m
node.exe : 
At line:1 char:1
+ & "C:\Program Files\nodejs/node.exe" 
"C:\Program Files\nodejs/node_mo ...
+ ~~~~~~~~~~~~~~~~~~~~~~~~~~~~~~~~~~~~~~~~~~~~~~
~~~~~~~~~~~~~~~~~~~~~~~
    + CategoryInfo          : NotSpecified: (:S 
   tring) [], RemoteException
    + FullyQualifiedErrorId : NativeCommandErro 
   r
 
[31mΓÄ»ΓÄ»ΓÄ»ΓÄ»ΓÄ»ΓÄ»ΓÄ»[39m[1m[41m Failed 
Tests 1 
[49m[22m[31mΓÄ»ΓÄ»ΓÄ»ΓÄ»ΓÄ»ΓÄ»ΓÄ»[39m

[41m[1m FAIL [22m[49m 
src/__tests__/ContactList.spec.js[2m > 
[22mContactListView.vue[2m > [22mcalls 
fetchAll on mount
[31m[1mTypeError[22m: [Function 
wrappedAction] is not a spy or a call to a 
spy![39m
[36m [2mΓ¥»[22m src/__tests__/ContactList.spe
c.js:[2m84:7[22m[39m
    [90m 82| [39m        })
    [90m 83| [39m        [34mexpect[39m(stor
eInstance[33m.[39mfetchAll)[33m.[39m[34mtoH
aveBeenCalled[39m()
    [90m 84| [39m    })
    [90m   | [39m      [31m^[39m
    [90m 85| [39m})
    [90m 86| [39m

[31m[2mΓÄ»ΓÄ»ΓÄ»ΓÄ»ΓÄ»ΓÄ»ΓÄ»ΓÄ»ΓÄ»ΓÄ»ΓÄ»ΓÄ»ΓÄ»
ΓÄ»ΓÄ»ΓÄ»ΓÄ»ΓÄ»ΓÄ»ΓÄ»ΓÄ»ΓÄ»ΓÄ»ΓÄ»[1/1]ΓÄ»[22m[
39m


[2m Test Files [22m [1m[31m1 failed[39m[22m[90m (1)[39m
[2m      Tests [22m [1m[31m1 failed[39m[22m[2m | [22m[1m[32m2 passed[39m[22m[90m (3)[39m
[2m   Start at [22m 19:08:35
[2m   Duration [22m 1.67s[2m (transform 181ms, setup 0ms, import 406ms, tests 48ms, environment 885ms)[22m

